// Jest Snapshot v1, https://goo.gl/fbAQLP

exports[`just a test should render App 1`] = `
<div
  class="App"
>
  <header
    class="header ant-layout-header"
  >
    <button
      class="ant-btn languageUIToggle"
      data-testid="languageUIToggle"
      type="button"
    >
      <span>
        languageToggle
      </span>
    </button>
  </header>
  <main
    class="main ant-layout-content"
  >
    <hgroup
      class="titleHeader"
    >
      <h1
        id="title"
      >
         
        « quoi »
         
      </h1>
      <h2
        id="slogan"
      >
         
        slogan
         
      </h2>
    </hgroup>
    <div
      class="searchContainer"
    >
      <button
        class="ant-btn dictionaryToggle ant-btn-primary"
        data-testid="dictionaryToggle"
        type="button"
      >
        <span>
          toggleLabel_en-fr
        </span>
        <i
          aria-label="icon: swap"
          class="anticon anticon-swap"
        >
          <svg
            aria-hidden="true"
            class=""
            data-icon="swap"
            fill="currentColor"
            focusable="false"
            height="1em"
            viewBox="64 64 896 896"
            width="1em"
          >
            <path
              d="M847.9 592H152c-4.4 0-8 3.6-8 8v60c0 4.4 3.6 8 8 8h605.2L612.9 851c-4.1 5.2-.4 13 6.3 13h72.5c4.9 0 9.5-2.2 12.6-6.1l168.8-214.1c16.5-21 1.6-51.8-25.2-51.8zM872 356H266.8l144.3-183c4.1-5.2.4-13-6.3-13h-72.5c-4.9 0-9.5 2.2-12.6 6.1L150.9 380.2c-16.5 21-1.6 51.8 25.1 51.8h696c4.4 0 8-3.6 8-8v-60c0-4.4-3.6-8-8-8z"
            />
          </svg>
        </i>
      </button>
      <span
        class="ant-input-search searchbar ant-input-affix-wrapper ant-input-affix-wrapper-lg"
      >
        <input
          class="ant-input ant-input-lg"
          placeholder="searchbarPlaceholder"
          type="text"
          value=""
        />
        <span
          class="ant-input-suffix"
        >
          <i
            aria-label="icon: search"
            class="anticon anticon-search ant-input-search-icon"
            tabindex="-1"
          >
            <svg
              aria-hidden="true"
              class=""
              data-icon="search"
              fill="currentColor"
              focusable="false"
              height="1em"
              viewBox="64 64 896 896"
              width="1em"
            >
              <path
                d="M909.6 854.5L649.9 594.8C690.2 542.7 712 479 712 412c0-80.2-31.3-155.4-87.9-212.1-56.6-56.7-132-87.9-212.1-87.9s-155.5 31.3-212.1 87.9C143.2 256.5 112 331.8 112 412c0 80.1 31.3 155.5 87.9 212.1C256.5 680.8 331.8 712 412 712c67 0 130.6-21.8 182.7-62l259.7 259.6a8.2 8.2 0 0 0 11.6 0l43.6-43.5a8.2 8.2 0 0 0 0-11.6zM570.4 570.4C528 612.7 471.8 636 412 636s-116-23.3-158.4-65.6C211.3 528 188 471.8 188 412s23.3-116.1 65.6-158.4C296 211.3 352.2 188 412 188s116.1 23.2 158.4 65.6S636 352.2 636 412s-23.3 116.1-65.6 158.4z"
              />
            </svg>
          </i>
        </span>
      </span>
    </div>
    <div />
  </main>
  <footer
    class="footer ant-layout-footer"
  >
    <a
      class="App-link"
      href="https://reactjs.org"
      rel="noopener noreferrer"
      target="_blank"
    >
      Learn React
    </a>
  </footer>
</div>
`;
